R a a : Type
R a a : Type
R a a : Type
a ~1 a : Type
a ~1 a : Type
a ~1 a : Type
relation'' a a : Type
relation'' a a : Type
relation'' a a : Type
relation''' a a : Type
relation''' a a : Type
