955.lean:1:1: error: unexpected token
955.lean: error: 955.lean:1:21: error: unexpected token
