error_pos_bug2.lean:17:37: error: type expected at
  A
