¬(p → q) : Prop
¬p → q : Prop
¬p → q : Prop
¬(p → q) : Prop
p ↔ q : Prop
¬(p ↔ q) : Prop
¬p ↔ q : Prop
¬p ↔ q : Prop
p → q ↔ q : Prop
p → (q ↔ q) : Prop
