id₁
id₂
pr
-----------
id₃
id₄
-----------
id₅
id₆
