∃ (x : A), p x : bool
∃ (x y : A), q x y : bool
λ (x : A), x : A → A
