tuple.{l_1} : Type.{max 1 l_1} → ℕ → Type.{max 1 l_1}
