unzip_error.lean:9:2: error: invalid 'match' expression, left-hand-side contains meta-variable
  @mk (vector A ?M_1) (vector B ?M_1) va vb
