-- BEGINWAIT
-- ENDWAIT
-- BEGININFO
-- TYPE|5|16
decidable (a = b)
-- ACK
-- SYNTH|5|16
has_decidable_eq a b
-- ACK
-- SYMBOL|5|16
_
-- ACK
-- ENDINFO
