-- BEGINWAIT
-- ENDWAIT
-- BEGININFO
-- TYPE|6|6
(ℕ → Prop) → ℕ
-- ACK
-- IDENTIFIER|6|6
classical.epsilon
-- ACK
-- SYMBOL|6|14
(
-- ACK
-- SYMBOL|6|15
λ
-- ACK
-- IDENTIFIER|6|17
x
-- ACK
-- TYPE|6|21
Type₁
-- ACK
-- IDENTIFIER|6|21
nat
-- ACK
-- TYPE|6|26
Prop
-- ACK
-- IDENTIFIER|6|26
true
-- ACK
-- ENDINFO
