LEAN_INFORMATION
definition rfl : âˆ€ {A : Type} {a : A}, a = a
END_LEAN_INFORMATION
